// Jest Snapshot v1, https://goo.gl/fbAQLP

exports[`Hello.vue renders to a nice snapshot 1`] = `
<div server-rendered="true" class="hello">
    <h1>Welcome to Your Vue.js App</h1>
</div>
`;
